// Jest Snapshot v1, https://goo.gl/fbAQLP

exports[`Snapshot tests matches snapshot 1`] = `
<DocumentFragment>
  <div>
    <h1>
      Todo Form
    </h1>
    <form>
      <label
        for="task"
      >
        What task do you want to add?
      </label>
      <input
        id="task"
        name="task"
        placeholder="task"
        type="text"
        value=""
      />
      <button>
        Add todo
      </button>
    </form>
  </div>
</DocumentFragment>
`;
