// Jest Snapshot v1, https://goo.gl/fbAQLP

exports[`Snapshot tests matches snapshot 1`] = `
<DocumentFragment>
  <form>
    <label
      for="width"
    >
      Width (px)
    </label>
    <input
      id="width"
      name="width"
      placeholder="width"
      type="text"
      value=""
    />
    <label
      for="height"
    >
      Height (px)
    </label>
    <input
      id="height"
      name="height"
      placeholder="height"
      type="text"
      value=""
    />
    <label
      for="backgroundColor"
    >
      Background Color
    </label>
    <input
      id="backgroundColor"
      name="backgroundColor"
      placeholder="background color"
      type="text"
      value=""
    />
    <button>
      Make box
    </button>
  </form>
</DocumentFragment>
`;
